// Jest Snapshot v1, https://goo.gl/fbAQLP

exports[`<HeroDetail /> renders correctly 1`] = `
.c0 {
  -webkit-align-items: center;
  -webkit-box-align: center;
  -ms-flex-align: center;
  align-items: center;
  background: linear-gradient(to bottom,rgba(0,0,0,0) 0%,var(--color-transparent-black) 100%);
  bottom: 0;
  color: var(--color-white);
  display: -webkit-box;
  display: -webkit-flex;
  display: -ms-flexbox;
  display: flex;
  left: 0;
  padding: var(--size-small);
  position: absolute;
  right: 0;
}

<div
  className="c0"
/>
`;
