// Jest Snapshot v1, https://goo.gl/fbAQLP

exports[`<Hero /> renders correctly 1`] = `
<styled.div>
  <Link
    to="/work/slug"
  >
    <styled.picture
      ratio={0.5714285714285714}
    >
      <img
        alt="title"
        sizes="
          (min-width: 30em) 30rem,
          100vw
        "
        src="https://image.com?fit=fill&w=250&h=142&fl=progressive"
        srcSet="
          https://image.com?fit=fill&w=1000&h=571&fl=progressive 1000w,
          https://image.com?fit=fill&w=750&h=428&fl=progressive 750w,
          https://image.com?fit=fill&w=500&h=285&fl=progressive 500w,
          https://image.com?fit=fill&w=250&h=142&fl=progressive 250w,
          https://image.com?fit=fill&w=100&h=57&fl=progressive 100w
        "
      />
    </styled.picture>
    <styled.div>
      <div>
        <TitleFactory
          center={false}
          margin="0"
          size="1rem"
          tag="h2"
        >
          title
        </TitleFactory>
        <styled.div
          center={false}
          margin="unset"
          size="var(--size-small)"
        >
          type - October 2010
        </styled.div>
      </div>
      <styled.div
        center={false}
        margin="0 0 0 auto"
        size="unset"
      >
        <styled.span
          dark={false}
        >
          View work →
        </styled.span>
      </styled.div>
    </styled.div>
  </Link>
</styled.div>
`;
