// Jest Snapshot v1, https://goo.gl/fbAQLP

exports[`<DumbWorkDetail /> has server side data needs defined 1`] = `
Array [
  [Function],
  [Function],
]
`;

exports[`<DumbWorkDetail /> renders correctly 1`] = `
<div>
  <WorkDetailBody
    id="workId"
    imageEntities={Object {}}
    images={
      Object {
        "errorMessage": "",
        "isFetching": false,
        "lastUpdated": 1,
        "result": Array [
          "imageId",
        ],
      }
    }
    workEntities={Object {}}
    works={
      Object {
        "errorMessage": "",
        "isFetching": false,
        "lastUpdated": 1,
        "result": Array [
          "workId",
        ],
      }
    }
  />
</div>
`;
