// Jest Snapshot v1, https://goo.gl/fbAQLP

exports[`<DumbWorkDetail /> has server side data needs defined 1`] = `
Array [
  [Function],
  [Function],
]
`;

exports[`<DumbWorkDetail /> renders correctly 1`] = `
<div>
  <WorkDetailBody
    fetchingImages={false}
    fetchingWorks={false}
    hasValidImages={true}
    hasValidWorks={true}
    id="workId"
    imageEntities={
      Object {
        "imageId": Object {},
      }
    }
    imagesError=""
    imagesHasError={false}
    workEntities={
      Object {
        "workId": Object {},
      }
    }
    worksError=""
    worksHasError={false}
  />
</div>
`;
