// Jest Snapshot v1, https://goo.gl/fbAQLP

exports[`<Root /> renders correctly 1`] = `
<styled.div>
  <styled.div>
    <styled.div>
      <Header />
      <Routes />
    </styled.div>
  </styled.div>
  <styled.div>
    <styled.div>
      <TitleFactory
        center={false}
        margin="unset"
        size="1rem"
        tag="h3"
      >
        Download my work
      </TitleFactory>
      <p>
        My work can be downloaded for free from 
         
        <Link
          href="https://keybase.pub/ismay"
        >
          Keybase
        </Link>
         and my code, including the code for this website, is open source on 
        <Link
          href="https://github.com/ismay"
        >
          Github
        </Link>
        . Feel free to use it for your own projects!
      </p>
      <TitleFactory
        center={false}
        margin="unset"
        size="1rem"
        tag="h3"
      >
        Contact
      </TitleFactory>
      <p>
        If you want to email me feel free to do so at
         
        <Link
          href="mailto:hello+website@ismaywolff.nl"
        >
          hello+website@ismaywolff.nl
        </Link>
        , or subscribe to my newsletter to receive updates about new work and exhibitions. I won't spam you or share your email address with others and you can unsubscribe at any time:
      </p>
      <Connect(Component) />
    </styled.div>
  </styled.div>
</styled.div>
`;
