// Jest Snapshot v1, https://goo.gl/fbAQLP

exports[`<Root /> renders correctly 1`] = `
<styled.div>
  <styled.div>
    <styled.div>
      <Header />
      <Routes />
    </styled.div>
  </styled.div>
  <styled.div>
    <styled.div>
      <Footer />
    </styled.div>
  </styled.div>
</styled.div>
`;
