// Jest Snapshot v1, https://goo.gl/fbAQLP

exports[`<DumbWork /> has server side data needs defined 1`] = `
Array [
  [Function],
  [Function],
]
`;

exports[`<DumbWork /> renders correctly 1`] = `
<div>
  <HelmetWrapper
    encodeSpecialCharacters={true}
  >
    <title>
      Work • Ismay Wolff
    </title>
    <meta
      content="An overview of my work"
      name="description"
    />
  </HelmetWrapper>
  <Component
    imageEntities={
      Object {
        "imageId": Object {},
      }
    }
    images={
      Object {
        "errorMessage": "",
        "isFetching": false,
        "lastUpdated": 1,
        "result": Array [
          "imageId",
        ],
      }
    }
    workEntities={
      Object {
        "workId": Object {},
      }
    }
    works={
      Object {
        "errorMessage": "",
        "isFetching": false,
        "lastUpdated": 1,
        "result": Array [
          "workId",
        ],
      }
    }
  />
</div>
`;
