// Jest Snapshot v1, https://goo.gl/fbAQLP

exports[`<ZoomableGridItem /> renders correctly 1`] = `
.c0 {
  box-shadow: var(--box-shadow);
  grid-column: span 6;
  position: relative;
}

@media (min-width: 30em) {
  .c0 {
    grid-column: span 3;
  }
}

@media (min-width: 40em) {
  .c0 {
    grid-column: span 2;
  }
}

<div
  className="c0"
/>
`;
