// Jest Snapshot v1, https://goo.gl/fbAQLP

exports[`<Placeholder /> renders correctly 1`] = `
.ibAjNA {
  background: var(--color-gray);
  display: block;
  height: 0;
  padding-top: calc(0.5 * 100%);
  position: relative;
  width: 100%;
}

.ibAjNA img {
  height: 100%;
  left: 0;
  position: absolute;
  top: 0;
  width: 100%;
}

<picture
  className="sc-bdVaJa ibAjNA"
/>
`;
