// Jest Snapshot v1, https://goo.gl/fbAQLP

exports[`<Placeholder /> renders correctly 1`] = `
.bTNQRI {
  background: var(--color-gray);
  display: block;
  height: 0;
  padding-top: calc(2 * 100%);
  position: relative;
  width: 100%;
}

.bTNQRI img {
  height: 100%;
  left: 0;
  position: absolute;
  top: 0;
  width: 100%;
}

<picture
  className="sc-bdVaJa bTNQRI"
  height={2}
  width={1}
/>
`;
