// Jest Snapshot v1, https://goo.gl/fbAQLP

exports[`<Navigation /> renders correctly 1`] = `
<styled.nav>
  <Styled(NavLink)
    exact={true}
    to="/"
  >
    Home
  </Styled(NavLink)>
  <Styled(NavLink)
    to="/work"
  >
    Work
  </Styled(NavLink)>
  <Styled(NavLink)
    to="/about"
  >
    About
  </Styled(NavLink)>
</styled.nav>
`;
