// Jest Snapshot v1, https://goo.gl/fbAQLP

exports[`<NavLink /> renders correctly 1`] = `
.c0 {
  border-bottom: var(--border-size) solid var(--color-gray);
  color: currentColor;
  font-family: var(--font-emphasis);
  font-size: var(--size-small);
  margin-right: 1.5rem;
  text-decoration: none;
  -webkit-transition: border-color 0.2s;
  transition: border-color 0.2s;
}

.c0:hover,
.c0.active {
  border-bottom: var(--border-size) solid var(--color-black);
}

.c0:last-of-type {
  margin-right: 0;
}

<NavLink
  activeClassName="active"
  className="c0"
  to="/url"
>
  Text
</NavLink>
`;
