// Jest Snapshot v1, https://goo.gl/fbAQLP

exports[`<DumbHome /> has server side data needs defined 1`] = `
Array [
  [Function],
  [Function],
]
`;

exports[`<DumbHome /> renders correctly 1`] = `
<div>
  <HelmetWrapper
    encodeSpecialCharacters={true}
  >
    <title>
      Ismay Wolff
    </title>
    <meta
      content="The portfolio of Ismay Wolff"
      name="description"
    />
  </HelmetWrapper>
  <Component
    featured={
      Array [
        "workId",
      ]
    }
    hero={
      Array [
        "workId",
      ]
    }
    imageEntities={
      Object {
        "imageId": Object {},
      }
    }
    images={
      Object {
        "errorMessage": "",
        "isFetching": false,
        "lastUpdated": 1,
        "result": Array [
          "imageId",
        ],
      }
    }
    workEntities={
      Object {
        "workId": Object {},
      }
    }
    works={
      Object {
        "errorMessage": "",
        "isFetching": false,
        "lastUpdated": 1,
        "result": Array [
          "workId",
        ],
      }
    }
  />
</div>
`;
